// Jest Snapshot v1, https://goo.gl/fbAQLP

exports[`SignInPopup matches snapshot 1`] = `
<div>
  <div
    class="popup popup"
  >
    <div>
      <div
        class="box_popup"
      >
        <button
          class="close_button"
        >
          <img
            alt="close"
            src="/images/icons/close-button.png"
          />
        </button>
        <div
          class="contents"
        >
          <h2
            class="title"
          >
            로그인
          </h2>
          <div
            class="form"
          >
            <div
              class="text_input input_with_label"
            >
              <label
                for="이메일_input"
              >
                이메일
              </label>
              <input
                id="이메일_input"
                placeholder="example@traffickr.com"
                value=""
              />
            </div>
            <div
              class="text_input input_with_label"
            >
              <label
                for="비밀번호_input"
              >
                비밀번호
              </label>
              <input
                id="비밀번호_input"
                placeholder="비밀번호"
                value=""
              />
            </div>
            <p
              class="error_message"
            />
          </div>
          <button
            class="button"
          >
            <p>
              시작하기
            </p>
          </button>
          <p
            class="to_sign_in"
          >
            서비스가 처음이신가요? 
            <u>
              가입하기
            </u>
          </p>
        </div>
      </div>
    </div>
  </div>
</div>
`;
