// Jest Snapshot v1, https://goo.gl/fbAQLP

exports[`DashboardContainer matches snapshot 1`] = `
<div>
  <div>
    <div
      class="profile_background"
    />
    <div
      class="profile_contents"
    >
      <div
        class="profile_image"
      >
        <img
          alt="profile image"
          src="/images/icons/profile.png"
        />
      </div>
      <h2
        class="name"
      />
      <p
        class="description"
      />
    </div>
    <ul
      class="tabs"
    >
      <li>
        <button
          class="selected"
        >
          내 설문
        </button>
      </li>
      <li>
        <button
          class=""
        >
          내 답변
        </button>
      </li>
    </ul>
    <div
      class="contents"
    >
      <div
        class="DashboardMySurvey"
      >
        <div
          class="empty_contents"
        >
          <p>
            작성한 설문이 없습니다.
          </p>
          <button>
            <p>
              설문 만들기
            </p>
          </button>
        </div>
      </div>
    </div>
  </div>
</div>
`;
