// Jest Snapshot v1, https://goo.gl/fbAQLP

exports[`Header matches snapshot 1`] = `
<div>
  <header
    class="header"
  >
    <div
      class="contents"
    >
      <div
        class="logo_container"
      >
        <a
          href="/"
        >
          traffickr
        </a>
      </div>
      <nav
        class="navigation"
      >
        <ul>
          <li>
            <a
              href="/#about"
            >
              서비스 소개
            </a>
          </li>
          <li>
            <button>
              <p>
                로그인
              </p>
            </button>
          </li>
          <li>
            <button
              class="round_link"
            >
              <p>
                지금 시작하기
              </p>
            </button>
          </li>
        </ul>
      </nav>
    </div>
  </header>
</div>
`;
